// Jest Snapshot v1, https://goo.gl/fbAQLP

exports[`Pokemon Details Test Renders the pokemon details 1`] = `
<div>
  <nav
    class="nav"
  >
    <a
      href="/"
    >
      <svg
        class="navLogo"
      >
        logo.svg
      </svg>
    </a>
    <a
      class="navLink"
      href="/my-pokemon"
    >
      My Pokemon
    </a>
  </nav>
  <main
    class="main"
  >
    <div
      class="popup"
      role="alert"
    />
    <h1
      class="pokemonName"
    >
      bulbasaur
    </h1>
    <img
      alt="bulbasaur"
      class="pokemonImage"
      src="https://raw.githubusercontent.com/PokeAPI/sprites/master/sprites/pokemon/1.png"
    />
    <button
      class="pixelatedButton pokemonCatchButton"
    >
      <span
        class="pixelatedButtonText"
      >
        CATCH
      </span>
    </button>
    <div
      class="statsGrid"
    >
      <article
        class="statsGridItem statsGridItemBorderRight"
      >
        <h2
          class="statsGridItemName"
        >
          HEIGHT
        </h2>
        <p
          class="statsGridItemValue"
        >
          7
        </p>
      </article>
      <article
        class="statsGridItem statsGridItemBorderLeft"
      >
        <h2
          class="statsGridItemName"
        >
          WEIGHT
        </h2>
        <p
          class="statsGridItemValue"
        >
          69
        </p>
      </article>
      <article
        class="statsGridItem statsGridItemBottom"
      >
        <h2
          class="statsGridItemName"
        >
          XP
        </h2>
        <p
          class="statsGridItemValue"
        >
          64
        </p>
      </article>
    </div>
    <article
      class="attributesSection"
    >
      <h3
        class="attributesSectionHeader"
      >
        Types
      </h3>
      <ul
        class="attributesSectionList"
      >
        <li
          class="attributesSectionListItem"
        >
          grass
        </li>
        <li
          class="attributesSectionListItem"
        >
          poison
        </li>
      </ul>
    </article>
    <article
      class="attributesSection"
    >
      <h3
        class="attributesSectionHeader"
      >
        Moves
      </h3>
      <ul
        class="attributesSectionList"
      >
        <li
          class="attributesSectionListItem"
        >
          razor-wind
        </li>
        <li
          class="attributesSectionListItem"
        >
          swords-dance
        </li>
      </ul>
    </article>
  </main>
</div>
`;
