// Jest Snapshot v1, https://goo.gl/fbAQLP

exports[`Test List Pokemon should render correctly 1`] = `
<div>
  <h1
    class="header"
  >
    List of pokemon
  </h1>
  <section
    class="pokemonRows"
  >
    <article
      class="pokemonRowsHeader"
    >
      <span>
        Name
      </span>
      <span>
        Owned
      </span>
    </article>
    <article
      class="pokemon"
    >
      <a
        class="pokemonName"
        href="/bulbasaur"
      >
        bulbasaur
      </a>
      <span>
        0
      </span>
    </article>
    <article
      class="pokemon"
    >
      <a
        class="pokemonName"
        href="/ivysaur"
      >
        ivysaur
      </a>
      <span>
        0
      </span>
    </article>
    <article
      class="pokemon"
    >
      <a
        class="pokemonName"
        href="/venusaur"
      >
        venusaur
      </a>
      <span>
        0
      </span>
    </article>
  </section>
</div>
`;
